###############################################################################
#
# IAR ELF Linker V8.50.6.265/W32 for ARM                  24/Sep/2020  14:13:29
# Copyright 2007-2020 IAR Systems AB.
#
#    Output file  =  C:\PROJECTS\TEST_DIODES\EWARM\LeakTest\Exe\LeakTest.out
#    Map file     =  C:\PROJECTS\TEST_DIODES\EWARM\LeakTest\List\LeakTest.map
#    Command line =
#        -f C:\Users\H249897\AppData\Local\Temp\EWADA5.tmp
#        (C:\PROJECTS\TEST_DIODES\EWARM\LeakTest\Obj\dma.o
#        C:\PROJECTS\TEST_DIODES\EWARM\LeakTest\Obj\gpio.o
#        C:\PROJECTS\TEST_DIODES\EWARM\LeakTest\Obj\main.o
#        C:\PROJECTS\TEST_DIODES\EWARM\LeakTest\Obj\MS5611.o
#        C:\PROJECTS\TEST_DIODES\EWARM\LeakTest\Obj\rtc.o
#        C:\PROJECTS\TEST_DIODES\EWARM\LeakTest\Obj\spi.o
#        C:\PROJECTS\TEST_DIODES\EWARM\LeakTest\Obj\startup_stm32f100xb.o
#        C:\PROJECTS\TEST_DIODES\EWARM\LeakTest\Obj\stm32f1xx_hal.o
#        C:\PROJECTS\TEST_DIODES\EWARM\LeakTest\Obj\stm32f1xx_hal_cortex.o
#        C:\PROJECTS\TEST_DIODES\EWARM\LeakTest\Obj\stm32f1xx_hal_dma.o
#        C:\PROJECTS\TEST_DIODES\EWARM\LeakTest\Obj\stm32f1xx_hal_flash.o
#        C:\PROJECTS\TEST_DIODES\EWARM\LeakTest\Obj\stm32f1xx_hal_flash_ex.o
#        C:\PROJECTS\TEST_DIODES\EWARM\LeakTest\Obj\stm32f1xx_hal_gpio.o
#        C:\PROJECTS\TEST_DIODES\EWARM\LeakTest\Obj\stm32f1xx_hal_gpio_ex.o
#        C:\PROJECTS\TEST_DIODES\EWARM\LeakTest\Obj\stm32f1xx_hal_msp.o
#        C:\PROJECTS\TEST_DIODES\EWARM\LeakTest\Obj\stm32f1xx_hal_pwr.o
#        C:\PROJECTS\TEST_DIODES\EWARM\LeakTest\Obj\stm32f1xx_hal_rcc.o
#        C:\PROJECTS\TEST_DIODES\EWARM\LeakTest\Obj\stm32f1xx_hal_rcc_ex.o
#        C:\PROJECTS\TEST_DIODES\EWARM\LeakTest\Obj\stm32f1xx_hal_spi.o
#        C:\PROJECTS\TEST_DIODES\EWARM\LeakTest\Obj\stm32f1xx_hal_spi_ex.o
#        C:\PROJECTS\TEST_DIODES\EWARM\LeakTest\Obj\stm32f1xx_hal_tim.o
#        C:\PROJECTS\TEST_DIODES\EWARM\LeakTest\Obj\stm32f1xx_hal_tim_ex.o
#        C:\PROJECTS\TEST_DIODES\EWARM\LeakTest\Obj\stm32f1xx_hal_uart.o
#        C:\PROJECTS\TEST_DIODES\EWARM\LeakTest\Obj\stm32f1xx_it.o
#        C:\PROJECTS\TEST_DIODES\EWARM\LeakTest\Obj\stm32f1xx_ll_exti.o
#        C:\PROJECTS\TEST_DIODES\EWARM\LeakTest\Obj\stm32f1xx_ll_gpio.o
#        C:\PROJECTS\TEST_DIODES\EWARM\LeakTest\Obj\stm32f1xx_ll_rcc.o
#        C:\PROJECTS\TEST_DIODES\EWARM\LeakTest\Obj\stm32f1xx_ll_rtc.o
#        C:\PROJECTS\TEST_DIODES\EWARM\LeakTest\Obj\stm32f1xx_ll_utils.o
#        C:\PROJECTS\TEST_DIODES\EWARM\LeakTest\Obj\system_stm32f1xx.o
#        C:\PROJECTS\TEST_DIODES\EWARM\LeakTest\Obj\usart.o --redirect
#        _Printf=_PrintfFull --redirect _Scanf=_ScanfFull --no_out_extension -o
#        C:\PROJECTS\TEST_DIODES\EWARM\LeakTest\Exe\LeakTest.out --map
#        C:\PROJECTS\TEST_DIODES\EWARM\LeakTest\List\LeakTest.map --config
#        C:\PROJECTS\TEST_DIODES\EWARM/stm32f100xb_flash.icf --semihosting
#        --entry __iar_program_start --vfe --text_out locale)
#
###############################################################################

*******************************************************************************
*** RUNTIME MODEL ATTRIBUTES
***

CppFlavor       = *
__SystemLibrary = DLib
__dlib_version  = 6


*******************************************************************************
*** HEAP SELECTION
***

The basic heap was selected because no calls to memory allocation
functions were found in the application outside of system library
functions, and there are calls to deallocation functions in the
application.


*******************************************************************************
*** PLACEMENT SUMMARY
***

"A0":  place at address 0x800'0000 { ro section .intvec };
"P1":  place in [from 0x800'0000 to 0x801'ffff] { ro };
define block CSTACK with size = 1K, alignment = 8 { };
define block HEAP with size = 512, alignment = 8 { };
"P2":  place in [from 0x2000'0000 to 0x2000'1fff] {
          rw, block CSTACK, block HEAP };
initialize by copy { rw };

  Section            Kind         Address    Size  Object
  -------            ----         -------    ----  ------
"A0":                                       0x120
  .intvec            ro code   0x800'0000   0x120  startup_stm32f100xb.o [1]
                             - 0x800'0120   0x120

"P1":                                      0x47d4
  .text              ro code   0x800'0120   0x868  stm32f1xx_hal_uart.o [1]
  .text              ro code   0x800'0988   0x130  usart.o [1]
  .text              ro code   0x800'0ab8   0x380  stm32f1xx_hal_dma.o [1]
  .text              ro code   0x800'0e38     0x2  stm32f1xx_hal_uart.o [1]
  .text              ro code   0x800'0e3a     0x2  stm32f1xx_hal_uart.o [1]
  .text              ro code   0x800'0e3c     0x2  stm32f1xx_hal_uart.o [1]
  .text              ro code   0x800'0e3e     0x2  stm32f1xx_hal_uart.o [1]
  .text              ro code   0x800'0e40     0x2  stm32f1xx_hal_uart.o [1]
  .text              ro code   0x800'0e42    0x3a  zero_init3.o [4]
  .text              ro code   0x800'0e7c   0x5e8  stm32f1xx_hal_rcc.o [1]
  .text              ro code   0x800'1464   0x2c6  main.o [1]
  .text              ro code   0x800'172a    0x2e  copy_init3.o [4]
  .text              ro code   0x800'1758   0x280  stm32f1xx_hal_gpio.o [1]
  .text              ro code   0x800'19d8   0x172  stm32f1xx_hal_cortex.o [1]
  .text              ro code   0x800'1b4c     0xc  stm32f1xx_hal.o [1]
  .text              ro code   0x800'1b58    0x4c  stm32f1xx_hal.o [1]
  .text              ro code   0x800'1ba4    0x86  ABImemcpy.o [4]
  .text              ro code   0x800'1c2c    0x16  stm32f1xx_hal.o [1]
  .text              ro code   0x800'1c44    0x6c  gpio.o [1]
  .text              ro code   0x800'1cb0    0x3c  dma.o [1]
  .text              ro code   0x800'1cec   0x178  spi.o [1]
  .text              ro code   0x800'1e64   0x13c  rtc.o [1]
  .text              ro code   0x800'1fa0   0x4e0  MS5611.o [1]
  .text              ro code   0x800'2480    0x3a  DblToS32.o [3]
  .text              ro code   0x800'24bc   0x1a2  DblMul.o [3]
  .text              ro code   0x800'2660   0x246  DblDiv.o [3]
  .text              ro code   0x800'28a8   0x118  stm32f1xx_hal_rcc_ex.o [1]
  .text              ro code   0x800'29c0    0x88  stm32f1xx_hal_msp.o [1]
  .text              ro code   0x800'2a48    0x7e  stm32f1xx_hal_spi_ex.o [1]
  .text              ro code   0x800'2ac8   0x1e2  stm32f1xx_ll_rtc.o [1]
  .text              ro code   0x800'2cac    0x28  stm32f1xx_hal.o [1]
  .text              ro code   0x800'2cd4   0x5b4  stm32f1xx_hal_spi.o [1]
  .text              ro code   0x800'3288   0x754  pow64.o [3]
  .text              ro code   0x800'39dc    0x1a  U32ToDbl.o [3]
  .text              ro code   0x800'39f8    0xe2  DblSub.o [3]
  .text              ro code   0x800'3adc   0x17a  DblAdd.o [3]
  .text              ro code   0x800'3c56     0x2  stm32f1xx_hal_spi.o [1]
  .text              ro code   0x800'3c58    0x20  DblCmpEq.o [3]
  .text              ro code   0x800'3c78    0x70  frexp.o [3]
  .text              ro code   0x800'3ce8    0x2e  DblCmpLe.o [3]
  .text              ro code   0x800'3d18   0x13a  ldexp.o [3]
  .text              ro code   0x800'3e54    0x22  S32ToDbl.o [3]
  .text              ro code   0x800'3e78    0x2e  DblCmpGe.o [3]
  .text              ro code   0x800'3ea8   0x36c  iar_Exp64.o [3]
  .rodata            const     0x800'4214    0x24  main.o [1]
  .rodata            const     0x800'4238   0x420  pow64.o [3]
  .text              ro code   0x800'4658    0x60  system_stm32f1xx.o [1]
  .text              ro code   0x800'46b8    0x58  stm32f1xx_it.o [1]
  .text              ro code   0x800'4710    0x18  stm32f1xx_hal.o [1]
  .text              ro code   0x800'4728    0x28  data_init.o [4]
  .rodata            const     0x800'4750    0x24  spi.o [1]
  .rodata            const     0x800'4774    0x24  usart.o [1]
  .iar.init_table    const     0x800'4798    0x24  - Linker created -
  .text              ro code   0x800'47bc    0x1e  cmain.o [4]
  .text              ro code   0x800'47da     0x4  low_level_init.o [2]
  .text              ro code   0x800'47de     0x4  exit.o [2]
  .text              ro code   0x800'47e4     0xa  cexit.o [4]
  .text              ro code   0x800'47f0    0x14  exit.o [5]
  .rodata            const     0x800'4804    0x10  stm32f1xx_hal_rcc.o [1]
  .rodata            const     0x800'4814    0x10  stm32f1xx_hal_rcc.o [1]
  .rodata            const     0x800'4824    0x10  system_stm32f1xx.o [1]
  .text              ro code   0x800'4834    0x10  startup_stm32f100xb.o [1]
  .text              ro code   0x800'4844     0xc  cstartup_M.o [4]
  Initializer bytes  const     0x800'4850     0xc  <for P2-1>
  .rodata            const     0x800'485c     0x8  system_stm32f1xx.o [1]
  .text              ro code   0x800'4864     0x4  startup_stm32f100xb.o [1]
  .text              ro code   0x800'4868     0x4  startup_stm32f100xb.o [1]
  .text              ro code   0x800'486c     0x4  startup_stm32f100xb.o [1]
  .text              ro code   0x800'4870     0x4  startup_stm32f100xb.o [1]
  .text              ro code   0x800'4874     0x4  startup_stm32f100xb.o [1]
  .text              ro code   0x800'4878     0x4  startup_stm32f100xb.o [1]
  .text              ro code   0x800'487c     0x4  startup_stm32f100xb.o [1]
  .text              ro code   0x800'4880     0x4  startup_stm32f100xb.o [1]
  .text              ro code   0x800'4884     0x4  startup_stm32f100xb.o [1]
  .text              ro code   0x800'4888     0x4  startup_stm32f100xb.o [1]
  .text              ro code   0x800'488c     0x4  startup_stm32f100xb.o [1]
  .text              ro code   0x800'4890     0x4  startup_stm32f100xb.o [1]
  .text              ro code   0x800'4894     0x4  startup_stm32f100xb.o [1]
  .text              ro code   0x800'4898     0x4  startup_stm32f100xb.o [1]
  .text              ro code   0x800'489c     0x4  startup_stm32f100xb.o [1]
  .text              ro code   0x800'48a0     0x4  startup_stm32f100xb.o [1]
  .text              ro code   0x800'48a4     0x4  startup_stm32f100xb.o [1]
  .text              ro code   0x800'48a8     0x4  startup_stm32f100xb.o [1]
  .text              ro code   0x800'48ac     0x4  startup_stm32f100xb.o [1]
  .text              ro code   0x800'48b0     0x4  startup_stm32f100xb.o [1]
  .text              ro code   0x800'48b4     0x4  startup_stm32f100xb.o [1]
  .text              ro code   0x800'48b8     0x4  startup_stm32f100xb.o [1]
  .text              ro code   0x800'48bc     0x4  startup_stm32f100xb.o [1]
  .text              ro code   0x800'48c0     0x4  startup_stm32f100xb.o [1]
  .text              ro code   0x800'48c4     0x4  startup_stm32f100xb.o [1]
  .text              ro code   0x800'48c8     0x4  startup_stm32f100xb.o [1]
  .text              ro code   0x800'48cc     0x4  startup_stm32f100xb.o [1]
  .text              ro code   0x800'48d0     0x4  startup_stm32f100xb.o [1]
  .text              ro code   0x800'48d4     0x4  startup_stm32f100xb.o [1]
  .text              ro code   0x800'48d8     0x4  startup_stm32f100xb.o [1]
  .text              ro code   0x800'48dc     0x4  startup_stm32f100xb.o [1]
  .text              ro code   0x800'48e0     0x4  startup_stm32f100xb.o [1]
  .text              ro code   0x800'48e4     0x4  startup_stm32f100xb.o [1]
  .text              ro code   0x800'48e8     0x4  startup_stm32f100xb.o [1]
  .text              ro code   0x800'48ec     0x4  startup_stm32f100xb.o [1]
  .text              ro code   0x800'48f0     0x4  startup_stm32f100xb.o [1]
  .rodata            const     0x800'48f4     0x0  zero_init3.o [4]
  .rodata            const     0x800'48f4     0x0  copy_init3.o [4]
                             - 0x800'48f4  0x47d4

"P2", part 1 of 3:                            0xc
  P2-1                        0x2000'0000     0x9  <Init block>
    .data            inited   0x2000'0000     0x4  stm32f1xx_hal.o [1]
    .data            inited   0x2000'0004     0x4  system_stm32f1xx.o [1]
    .data            inited   0x2000'0008     0x1  stm32f1xx_hal.o [1]
                            - 0x2000'0009     0x9

"P2", part 2 of 3:                          0x25c
  .bss               zero     0x2000'000c    0x58  spi.o [1]
  .bss               zero     0x2000'0064    0x58  spi.o [1]
  .bss               zero     0x2000'00bc    0x44  usart.o [1]
  .bss               zero     0x2000'0100    0x44  usart.o [1]
  .bss               zero     0x2000'0144    0x40  usart.o [1]
  .bss               zero     0x2000'0188    0x28  main.o [1]
  .bss               zero     0x2000'01b0    0x28  main.o [1]
  .bss               zero     0x2000'01d8    0x20  main.o [1]
  .bss               zero     0x2000'01f8    0x20  main.o [1]
  .bss               zero     0x2000'0218    0x10  main.o [1]
  .bss               zero     0x2000'0228    0x10  main.o [1]
  .bss               zero     0x2000'0238     0x8  MS5611.o [1]
  .bss               zero     0x2000'0240     0x8  MS5611.o [1]
  .bss               zero     0x2000'0248     0x8  MS5611.o [1]
  .bss               zero     0x2000'0250     0x4  main.o [1]
  .bss               zero     0x2000'0254     0x4  main.o [1]
  .bss               zero     0x2000'0258     0x4  MS5611.o [1]
  .bss               zero     0x2000'025c     0x4  MS5611.o [1]
  .bss               zero     0x2000'0260     0x4  stm32f1xx_hal.o [1]
  .bss               zero     0x2000'0264     0x1  MS5611.o [1]
  .bss               zero     0x2000'0265     0x1  MS5611.o [1]
  .bss               zero     0x2000'0266     0x1  MS5611.o [1]
  .bss               zero     0x2000'0267     0x1  MS5611.o [1]
                            - 0x2000'0268   0x25c

"P2", part 3 of 3:                          0x400
  CSTACK                      0x2000'0268   0x400  <Block>
    CSTACK           uninit   0x2000'0268   0x400  <Block tail>
                            - 0x2000'0668   0x400

Unused ranges:

         From           To      Size
         ----           --      ----
   0x800'48f4   0x801'ffff  0x1'b70c
  0x2000'0668  0x2000'1fff    0x1998


*******************************************************************************
*** INIT TABLE
***

          Address      Size
          -------      ----
Zero (__iar_zero_init3)
    1 destination range, total size 0x25c:
          0x2000'000c  0x25c

Copy (__iar_copy_init3)
    1 source range, total size 0xc (133% of destination):
           0x800'4850    0xc
    1 destination range, total size 0x9:
          0x2000'0000    0x9



*******************************************************************************
*** MODULE SUMMARY
***

    Module                  ro code  ro data  rw data
    ------                  -------  -------  -------
command line/config:
    -------------------------------------------------
    Total:

C:\PROJECTS\TEST_DIODES\EWARM\LeakTest\Obj: [1]
    MS5611.o                  1'248                36
    dma.o                        60
    gpio.o                      108
    main.o                      710       36      184
    rtc.o                       316
    spi.o                       376       36      176
    startup_stm32f100xb.o       448
    stm32f1xx_hal.o             174        5        9
    stm32f1xx_hal_cortex.o      370
    stm32f1xx_hal_dma.o         896
    stm32f1xx_hal_gpio.o        640
    stm32f1xx_hal_msp.o         136
    stm32f1xx_hal_rcc.o       1'512       32
    stm32f1xx_hal_rcc_ex.o      280
    stm32f1xx_hal_spi.o       1'462
    stm32f1xx_hal_spi_ex.o      126
    stm32f1xx_hal_uart.o      2'162
    stm32f1xx_it.o               88
    stm32f1xx_ll_rtc.o          482
    system_stm32f1xx.o           96       28        4
    usart.o                     304       36      200
    -------------------------------------------------
    Total:                   11'994      173      609

dl7M_tlf.a: [2]
    exit.o                        4
    low_level_init.o              4
    -------------------------------------------------
    Total:                        8

m7M_tl.a: [3]
    DblAdd.o                    378
    DblCmpEq.o                   32
    DblCmpGe.o                   46
    DblCmpLe.o                   46
    DblDiv.o                    582
    DblMul.o                    418
    DblSub.o                    226
    DblToS32.o                   58
    S32ToDbl.o                   34
    U32ToDbl.o                   26
    frexp.o                     112
    iar_Exp64.o                 876
    ldexp.o                     314
    pow64.o                   1'876    1'056
    -------------------------------------------------
    Total:                    5'024    1'056

rt7M_tl.a: [4]
    ABImemcpy.o                 134
    cexit.o                      10
    cmain.o                      30
    copy_init3.o                 46
    cstartup_M.o                 12
    data_init.o                  40
    zero_init3.o                 58
    -------------------------------------------------
    Total:                      330

shb_l.a: [5]
    exit.o                       20
    -------------------------------------------------
    Total:                       20

    Gaps                         32                 4
    Linker created                        39    1'024
-----------------------------------------------------
    Grand Total:             17'408    1'268    1'637


*******************************************************************************
*** ENTRY LIST
***

Entry                       Address   Size  Type      Object
-----                       -------   ----  ----      ------
.iar.init_table$$Base    0x800'4798          --   Gb  - Linker created -
.iar.init_table$$Limit   0x800'47bc          --   Gb  - Linker created -
?main                    0x800'47bd         Code  Gb  cmain.o [4]
AHBPrescTable            0x800'4824   0x10  Data  Gb  system_stm32f1xx.o [1]
APBPrescTable            0x800'485c    0x8  Data  Gb  system_stm32f1xx.o [1]
BusFault_Handler         0x800'46bf    0x2  Code  Gb  stm32f1xx_it.o [1]
CSTACK$$Base            0x2000'0268          --   Gb  - Linker created -
CSTACK$$Limit           0x2000'0668          --   Gb  - Linker created -
DMA1_Channel4_IRQHandler
                         0x800'46d7    0xa  Code  Gb  stm32f1xx_it.o [1]
DMA1_Channel5_IRQHandler
                         0x800'46e1    0xa  Code  Gb  stm32f1xx_it.o [1]
DMA_SetConfig            0x800'0e0d   0x2c  Code  Lc  stm32f1xx_hal_dma.o [1]
DebugMon_Handler         0x800'46c5    0x2  Code  Gb  stm32f1xx_it.o [1]
HAL_DMA_Abort_IT         0x800'0bcb   0xb4  Code  Gb  stm32f1xx_hal_dma.o [1]
HAL_DMA_IRQHandler       0x800'0c7f  0x16a  Code  Gb  stm32f1xx_hal_dma.o [1]
HAL_DMA_Init             0x800'0ab9   0x7a  Code  Gb  stm32f1xx_hal_dma.o [1]
HAL_DMA_Start_IT         0x800'0b33   0x98  Code  Gb  stm32f1xx_hal_dma.o [1]
HAL_Delay                0x800'2cad   0x28  Code  Wk  stm32f1xx_hal.o [1]
HAL_GPIO_Init            0x800'1759  0x226  Code  Gb  stm32f1xx_hal_gpio.o [1]
HAL_GPIO_WritePin        0x800'197f   0x1a  Code  Gb  stm32f1xx_hal_gpio.o [1]
HAL_GetTick              0x800'1b4d    0xc  Code  Wk  stm32f1xx_hal.o [1]
HAL_IncTick              0x800'4711   0x18  Code  Wk  stm32f1xx_hal.o [1]
HAL_Init                 0x800'1c2d   0x16  Code  Gb  stm32f1xx_hal.o [1]
HAL_InitTick             0x800'1b59   0x4c  Code  Wk  stm32f1xx_hal.o [1]
HAL_MspInit              0x800'29c1   0x88  Code  Gb  stm32f1xx_hal_msp.o [1]
HAL_NVIC_EnableIRQ       0x800'1ae9    0xe  Code  Gb  stm32f1xx_hal_cortex.o [1]
HAL_NVIC_SetPriority     0x800'1abf   0x2a  Code  Gb  stm32f1xx_hal_cortex.o [1]
HAL_NVIC_SetPriorityGrouping
                         0x800'1ab3    0xc  Code  Gb  stm32f1xx_hal_cortex.o [1]
HAL_RCCEx_PeriphCLKConfig
                         0x800'28a9  0x104  Code  Gb  stm32f1xx_hal_rcc_ex.o [1]
HAL_RCC_ClockConfig      0x800'1241  0x110  Code  Gb  stm32f1xx_hal_rcc.o [1]
HAL_RCC_GetHCLKFreq      0x800'13c5    0x6  Code  Gb  stm32f1xx_hal_rcc.o [1]
HAL_RCC_GetPCLK1Freq     0x800'13cb   0x16  Code  Gb  stm32f1xx_hal_rcc.o [1]
HAL_RCC_GetPCLK2Freq     0x800'13e1   0x16  Code  Gb  stm32f1xx_hal_rcc.o [1]
HAL_RCC_GetSysClockFreq
                         0x800'1351   0x74  Code  Gb  stm32f1xx_hal_rcc.o [1]
HAL_RCC_OscConfig        0x800'0e7d  0x3c4  Code  Gb  stm32f1xx_hal_rcc.o [1]
HAL_SPI_IRQHandler       0x800'30ab   0xf8  Code  Gb  stm32f1xx_hal_spi.o [1]
HAL_SPI_Init             0x800'2a49   0x7e  Code  Gb  stm32f1xx_hal_spi_ex.o [1]
HAL_SPI_MspInit          0x800'1d7f   0xc0  Code  Gb  spi.o [1]
HAL_SPI_Transmit         0x800'2cd5  0x1b0  Code  Gb  stm32f1xx_hal_spi.o [1]
HAL_SPI_TransmitReceive
                         0x800'2e85  0x226  Code  Gb  stm32f1xx_hal_spi.o [1]
HAL_SYSTICK_CLKSourceConfig
                         0x800'1b03   0x1c  Code  Gb  stm32f1xx_hal_cortex.o [1]
HAL_SYSTICK_Config       0x800'1af7    0xc  Code  Gb  stm32f1xx_hal_cortex.o [1]
HAL_SYSTICK_IRQHandler   0x800'1b41    0x8  Code  Gb  stm32f1xx_hal_cortex.o [1]
HAL_UART_IRQHandler      0x800'02e3  0x14a  Code  Gb  stm32f1xx_hal_uart.o [1]
HAL_UART_Init            0x800'0121   0x76  Code  Gb  stm32f1xx_hal_uart.o [1]
HAL_UART_MspInit         0x800'09c1   0xd4  Code  Gb  usart.o [1]
HAL_UART_Receive_DMA     0x800'022d   0xb6  Code  Gb  stm32f1xx_hal_uart.o [1]
HAL_UART_Transmit_DMA    0x800'0197   0x96  Code  Gb  stm32f1xx_hal_uart.o [1]
HardFault_Handler        0x800'46bb    0x2  Code  Gb  stm32f1xx_it.o [1]
LL_APB1_GRP1_EnableClock
                         0x800'1ef1   0x16  Code  Lc  rtc.o [1]
LL_PWR_EnableBkUpAccess
                         0x800'1f13    0xc  Code  Lc  rtc.o [1]
LL_RCC_EnableRTC         0x800'1f07    0xc  Code  Lc  rtc.o [1]
LL_RTC_ClearFlag_ALR     0x800'2b1b    0xa  Code  Lc  stm32f1xx_ll_rtc.o [1]
LL_RTC_ClearFlag_OW      0x800'2b39    0xa  Code  Lc  stm32f1xx_ll_rtc.o [1]
LL_RTC_ClearFlag_RS      0x800'2b2f    0xa  Code  Lc  stm32f1xx_ll_rtc.o [1]
LL_RTC_ClearFlag_SEC     0x800'2b43    0xa  Code  Lc  stm32f1xx_ll_rtc.o [1]
LL_RTC_DisableWriteProtection
                         0x800'2b05    0xa  Code  Lc  stm32f1xx_ll_rtc.o [1]
LL_RTC_EnableWriteProtection
                         0x800'2afb    0xa  Code  Lc  stm32f1xx_ll_rtc.o [1]
LL_RTC_EnterInitMode     0x800'2bc1   0x4e  Code  Gb  stm32f1xx_ll_rtc.o [1]
LL_RTC_ExitInitMode      0x800'2c0f   0x4e  Code  Gb  stm32f1xx_ll_rtc.o [1]
LL_RTC_Init              0x800'2b57   0x5a  Code  Gb  stm32f1xx_ll_rtc.o [1]
LL_RTC_IsActiveFlag_RS   0x800'2b25    0xa  Code  Lc  stm32f1xx_ll_rtc.o [1]
LL_RTC_IsActiveFlag_RTOF
                         0x800'2b4d    0xa  Code  Lc  stm32f1xx_ll_rtc.o [1]
LL_RTC_SetAsynchPrescaler
                         0x800'1f1f   0x1a  Code  Lc  rtc.o [1]
LL_RTC_SetAsynchPrescaler
                         0x800'2ad5   0x1a  Code  Lc  stm32f1xx_ll_rtc.o [1]
LL_RTC_SetOutputSource   0x800'2aef    0xc  Code  Lc  stm32f1xx_ll_rtc.o [1]
LL_RTC_TAMPER_Disable    0x800'2b0f    0xc  Code  Lc  stm32f1xx_ll_rtc.o [1]
LL_RTC_WaitForSynchro    0x800'2c5d   0x4e  Code  Gb  stm32f1xx_ll_rtc.o [1]
LL_SYSTICK_IsActiveCounterFlag
                         0x800'2ac9    0xc  Code  Lc  stm32f1xx_ll_rtc.o [1]
MS5611_Calculate         0x800'1fdd  0x1c4  Code  Gb  MS5611.o [1]
MS5611_Calculate::OFF   0x2000'0240    0x8  Data  Lc  MS5611.o [1]
MS5611_Calculate::SENS  0x2000'0248    0x8  Data  Lc  MS5611.o [1]
MS5611_Calculate::dT    0x2000'0238    0x8  Data  Lc  MS5611.o [1]
MS5611_SS_Set            0x800'23d7   0x5c  Code  Gb  MS5611.o [1]
MS5611_cmd_adc           0x800'21a1  0x120  Code  Gb  MS5611.o [1]
MS5611_cmd_adc::CMD     0x2000'0265    0x1  Data  Lc  MS5611.o [1]
MS5611_cmd_adc::temp    0x2000'0258    0x4  Data  Lc  MS5611.o [1]
MS5611_cmd_prom          0x800'233f   0x98  Code  Gb  MS5611.o [1]
MS5611_cmd_prom::CMD    0x2000'0267    0x1  Data  Lc  MS5611.o [1]
MS5611_cmd_prom::rC     0x2000'025c    0x4  Data  Lc  MS5611.o [1]
MS5611_cmd_prom::ret    0x2000'0266    0x1  Data  Lc  MS5611.o [1]
MS5611_crc4              0x800'22c1   0x7e  Code  Gb  MS5611.o [1]
MS5611_init              0x800'1fa1   0x3c  Code  Gb  MS5611.o [1]
MX_DMA_Init              0x800'1cb1   0x3c  Code  Gb  dma.o [1]
MX_GPIO_Init             0x800'1c45   0x6c  Code  Gb  gpio.o [1]
MX_RTC_Init              0x800'1f39   0x48  Code  Gb  rtc.o [1]
MX_SPI1_Init             0x800'1ced   0x48  Code  Gb  spi.o [1]
MX_SPI2_Init             0x800'1d35   0x4a  Code  Gb  spi.o [1]
MX_USART1_UART_Init      0x800'0989   0x38  Code  Gb  usart.o [1]
MemManage_Handler        0x800'46bd    0x2  Code  Gb  stm32f1xx_it.o [1]
NMI_Handler              0x800'46b9    0x2  Code  Gb  stm32f1xx_it.o [1]
NVIC_EnableIRQ           0x800'1e6f   0x16  Code  Lc  rtc.o [1]
NVIC_EnableIRQ           0x800'1a01   0x16  Code  Lc  stm32f1xx_hal_cortex.o [1]
NVIC_EncodePriority      0x800'1eb1   0x40  Code  Lc  rtc.o [1]
NVIC_EncodePriority      0x800'1a43   0x40  Code  Lc  stm32f1xx_hal_cortex.o [1]
NVIC_GetPriorityGrouping
                         0x800'1e65    0xa  Code  Lc  rtc.o [1]
NVIC_GetPriorityGrouping
                         0x800'19f7    0xa  Code  Lc  stm32f1xx_hal_cortex.o [1]
NVIC_SetPriority         0x800'1e85   0x2c  Code  Lc  rtc.o [1]
NVIC_SetPriority         0x800'1a17   0x2c  Code  Lc  stm32f1xx_hal_cortex.o [1]
NVIC_SetPriorityGrouping
                         0x800'19d9   0x1e  Code  Lc  stm32f1xx_hal_cortex.o [1]
PendSV_Handler           0x800'46c7    0x2  Code  Gb  stm32f1xx_it.o [1]
RCC_Delay                0x800'13f7   0x26  Code  Lc  stm32f1xx_hal_rcc.o [1]
RTC_IRQHandler           0x800'46d5    0x2  Code  Gb  stm32f1xx_it.o [1]
Region$$Table$$Base      0x800'4798          --   Gb  - Linker created -
Region$$Table$$Limit     0x800'47bc          --   Gb  - Linker created -
SPI1_IRQHandler          0x800'46eb    0xa  Code  Gb  stm32f1xx_it.o [1]
SPI_CheckFlag_BSY        0x800'325f   0x2a  Code  Lc  stm32f1xx_hal_spi.o [1]
SPI_DMAAbortOnError      0x800'31a5   0x16  Code  Lc  stm32f1xx_hal_spi.o [1]
SPI_WaitFlagStateUntilTimeout
                         0x800'31bd   0xa2  Code  Lc  stm32f1xx_hal_spi.o [1]
SVC_Handler              0x800'46c3    0x2  Code  Gb  stm32f1xx_it.o [1]
SysTick_Config           0x800'1a83   0x30  Code  Lc  stm32f1xx_hal_cortex.o [1]
SysTick_Handler          0x800'46c9    0xc  Code  Gb  stm32f1xx_it.o [1]
SystemClock_Config       0x800'1657   0x9e  Code  Gb  main.o [1]
SystemCoreClock         0x2000'0004    0x4  Data  Gb  system_stm32f1xx.o [1]
SystemInit               0x800'4659   0x44  Code  Gb  system_stm32f1xx.o [1]
UART_DMAAbortOnError     0x800'0555   0x16  Code  Lc  stm32f1xx_hal_uart.o [1]
UART_DMAError            0x800'04c5   0x58  Code  Lc  stm32f1xx_hal_uart.o [1]
UART_DMAReceiveCplt      0x800'0471   0x44  Code  Lc  stm32f1xx_hal_uart.o [1]
UART_DMARxHalfCplt       0x800'04b5    0xe  Code  Lc  stm32f1xx_hal_uart.o [1]
UART_DMATransmitCplt     0x800'042d   0x34  Code  Lc  stm32f1xx_hal_uart.o [1]
UART_DMATxHalfCplt       0x800'0461    0xe  Code  Lc  stm32f1xx_hal_uart.o [1]
UART_EndRxTransfer       0x800'0531   0x20  Code  Lc  stm32f1xx_hal_uart.o [1]
UART_EndTransmit_IT      0x800'05db   0x20  Code  Lc  stm32f1xx_hal_uart.o [1]
UART_EndTxTransfer       0x800'051d   0x14  Code  Lc  stm32f1xx_hal_uart.o [1]
UART_Receive_IT          0x800'05fb   0xae  Code  Lc  stm32f1xx_hal_uart.o [1]
UART_SetConfig           0x800'06a9  0x2d6  Code  Lc  stm32f1xx_hal_uart.o [1]
UART_Transmit_IT         0x800'056d   0x6e  Code  Lc  stm32f1xx_hal_uart.o [1]
USART1_IRQHandler        0x800'46f5    0xa  Code  Gb  stm32f1xx_it.o [1]
UsageFault_Handler       0x800'46c1    0x2  Code  Gb  stm32f1xx_it.o [1]
_Error_Handler           0x800'1729    0x2  Code  Gb  main.o [1]
__aeabi_cdcmpeq          0x800'3c59         Code  Gb  DblCmpEq.o [3]
__aeabi_cdcmple          0x800'3ce9         Code  Gb  DblCmpLe.o [3]
__aeabi_cdrcmple         0x800'3e79         Code  Gb  DblCmpGe.o [3]
__aeabi_d2iz             0x800'2481         Code  Gb  DblToS32.o [3]
__aeabi_dadd             0x800'3add         Code  Gb  DblAdd.o [3]
__aeabi_ddiv             0x800'2661         Code  Gb  DblDiv.o [3]
__aeabi_dmul             0x800'24bd         Code  Gb  DblMul.o [3]
__aeabi_dsub             0x800'39f9         Code  Gb  DblSub.o [3]
__aeabi_i2d              0x800'3e55         Code  Gb  S32ToDbl.o [3]
__aeabi_memcpy4          0x800'1ba5         Code  Gb  ABImemcpy.o [4]
__aeabi_memcpy8          0x800'1ba5         Code  Gb  ABImemcpy.o [4]
__aeabi_ui2d             0x800'39dd         Code  Gb  U32ToDbl.o [3]
__cmain                  0x800'47bd         Code  Gb  cmain.o [4]
__exit                   0x800'47f1   0x14  Code  Gb  exit.o [5]
__iar_Exp64              0x800'3ea9  0x318  Code  Gb  iar_Exp64.o [3]
__iar_copy_init3         0x800'172b   0x2e  Code  Gb  copy_init3.o [4]
__iar_dadd               0x800'3a09         Code  Gb  DblSub.o [3]
__iar_data_init3         0x800'4729   0x28  Code  Gb  data_init.o [4]
__iar_dsub               0x800'3aed         Code  Gb  DblAdd.o [3]
__iar_dsubStart          0x800'3aff         Code  Gb  DblAdd.o [3]
__iar_frexp              0x800'3c85         Code  Gb  frexp.o [3]
__iar_frexp64            0x800'3c79         Code  Gb  frexp.o [3]
__iar_frexpl             0x800'3c85         Code  Gb  frexp.o [3]
__iar_ldexp64            0x800'3d19         Code  Gb  ldexp.o [3]
__iar_pow64              0x800'3289  0x6cc  Code  Gb  pow64.o [3]
__iar_pow_medium         0x800'3289  0x6cc  Code  Gb  pow64.o [3]
__iar_pow_medium64       0x800'3289  0x6cc  Code  Gb  pow64.o [3]
__iar_pow_mediuml        0x800'3289  0x6cc  Code  Gb  pow64.o [3]
__iar_program_start      0x800'4845         Code  Gb  cstartup_M.o [4]
__iar_scalbln64          0x800'3d19         Code  Gb  ldexp.o [3]
__iar_scalbn64           0x800'3d19         Code  Gb  ldexp.o [3]
__iar_zero_init3         0x800'0e43   0x3a  Code  Gb  zero_init3.o [4]
__low_level_init         0x800'47db    0x4  Code  Gb  low_level_init.o [2]
__vector_table           0x800'0000         Data  Gb  startup_stm32f100xb.o [1]
_call_main               0x800'47c9         Code  Gb  cmain.o [4]
_exit                    0x800'47e5         Code  Gb  cexit.o [4]
_main                    0x800'47d7         Code  Gb  cmain.o [4]
b                       0x2000'0264    0x1  Data  Gb  MS5611.o [1]
exit                     0x800'47df    0x4  Code  Gb  exit.o [2]
frexp                    0x800'3c79         Code  Gb  frexp.o [3]
frexpl                   0x800'3c79         Code  Gb  frexp.o [3]
hdma_usart1_rx          0x2000'00bc   0x44  Data  Gb  usart.o [1]
hdma_usart1_tx          0x2000'0100   0x44  Data  Gb  usart.o [1]
hspi1                   0x2000'000c   0x58  Data  Gb  spi.o [1]
hspi2                   0x2000'0064   0x58  Data  Gb  spi.o [1]
huart1                  0x2000'0144   0x40  Data  Gb  usart.o [1]
ldexp                    0x800'3d19         Code  Gb  ldexp.o [3]
ldexpl                   0x800'3d19         Code  Gb  ldexp.o [3]
lnbias                   0x800'4238  0x420  Data  Lc  pow64.o [3]
main                     0x800'1465  0x1f2  Code  Gb  main.o [1]
main::C1                0x2000'0218   0x10  Data  Lc  main.o [1]
main::C2                0x2000'0228   0x10  Data  Lc  main.o [1]
main::D1                0x2000'0250    0x4  Data  Lc  main.o [1]
main::D2                0x2000'0254    0x4  Data  Lc  main.o [1]
main::P                 0x2000'0188   0x28  Data  Lc  main.o [1]
main::RX_UART_buffer    0x2000'01d8   0x20  Data  Lc  main.o [1]
main::T                 0x2000'01b0   0x28  Data  Lc  main.o [1]
main::TX_UART_buffer    0x2000'01f8   0x20  Data  Lc  main.o [1]
pow                      0x800'3289  0x6cc  Code  Gb  pow64.o [3]
powl                     0x800'3289  0x6cc  Code  Gb  pow64.o [3]
scalbln                  0x800'3d19         Code  Gb  ldexp.o [3]
scalblnl                 0x800'3d19         Code  Gb  ldexp.o [3]
scalbn                   0x800'3d19         Code  Gb  ldexp.o [3]
scalbnl                  0x800'3d19         Code  Gb  ldexp.o [3]
uwTick                  0x2000'0260    0x4  Data  Gb  stm32f1xx_hal.o [1]
uwTickFreq              0x2000'0008    0x1  Data  Gb  stm32f1xx_hal.o [1]
uwTickPrio              0x2000'0000    0x4  Data  Gb  stm32f1xx_hal.o [1]


[1] = C:\PROJECTS\TEST_DIODES\EWARM\LeakTest\Obj
[2] = dl7M_tlf.a
[3] = m7M_tl.a
[4] = rt7M_tl.a
[5] = shb_l.a

  17'408 bytes of readonly  code memory
   1'268 bytes of readonly  data memory
   1'637 bytes of readwrite data memory

Errors: none
Warnings: none
